// Jest Snapshot v1, https://goo.gl/fbAQLP

exports[`Card renders the card component correctly 1`] = `
<article
  class="card-box-container test-class"
>
  <header
    class="flex-space-between-container header-title"
  >
    <h2
      class="card-title"
    >
      Test Title
    </h2>
    <a
      class="show-all-link"
      href="https://weedmaps.com/learn"
    >
      Show All
    </a>
  </header>
  <section
    class="card-box"
  >
    <div
      class="card-box-element"
    >
      <div>
        Test Children
      </div>
    </div>
  </section>
</article>
`;
