// Jest Snapshot v1, https://goo.gl/fbAQLP

exports[`useToast should initialize with correct initial state 1`] = `
{
  "message": "",
  "openPopup": false,
  "status": "",
}
`;
